<?xml version="1.0" encoding="UTF-8"?>
<TestRun id="9715627f-33a2-4810-adb5-6bff22be356e" name="Giang@GIANGHHTSE60894 2013-06-17 21:52:21" runUser="GIANGHHTSE60894\Giang" xmlns="http://microsoft.com/schemas/VisualStudio/TeamTest/2010">
  <TestSettings name="Local" id="0d9a15f0-ff93-4e20-be0b-0405bb767491">
    <Description>These are default test settings for a local test run.</Description>
    <Deployment enabled="false" runDeploymentRoot="Giang_GIANGHHTSE60894 2013-06-17 21_52_21">
      <DeploymentItem filename="F:\FPT\Semester 4\C# &amp; Dot Net\project-kho-sach\CocBook\DataAccessLayer.cs\bin\Debug\DataAccessLayer.cs.dll" />
    </Deployment>
    <Execution>
      <TestTypeSpecific />
      <AgentRule name="Execution Agents">
      </AgentRule>
    </Execution>
  </TestSettings>
  <Times creation="2013-06-17T21:52:21.5178552+07:00" queuing="2013-06-17T21:52:21.5578784+07:00" start="2013-06-17T21:52:21.5878954+07:00" finish="2013-06-17T21:52:22.3253863+07:00" />
  <ResultSummary outcome="Failed">
    <Counters total="1" executed="1" error="0" failed="1" timeout="0" aborted="0" inconclusive="0" passedButRunAborted="0" notRunnable="0" notExecuted="0" disconnected="0" warning="0" passed="0" completed="0" inProgress="0" pending="0" />
  </ResultSummary>
  <TestDefinitions>
    <UnitTest name="GetAllProductTest" storage="f:\fpt\semester 4\c# &amp; dot net\project-kho-sach\cocbook\testproject1\bin\debug\testproject1.dll" id="a05aea42-178d-3620-feba-00780cd4f023">
      <Execution id="52408ed6-0752-47fd-a085-8b970ba047cc" />
      <TestMethod codeBase="F:/FPT/Semester 4/C# &amp; Dot Net/project-kho-sach/CocBook/TestProject1/bin/Debug/TestProject1.DLL" adapterTypeName="Microsoft.VisualStudio.TestTools.TestTypes.Unit.UnitTestAdapter, Microsoft.VisualStudio.QualityTools.Tips.UnitTest.Adapter, Version=10.0.0.0, Culture=neutral, PublicKeyToken=b03f5f7f11d50a3a" className="TestProject1.PublisherDALTest, TestProject1, Version=1.0.0.0, Culture=neutral, PublicKeyToken=null" name="GetAllProductTest" />
    </UnitTest>
  </TestDefinitions>
  <TestLists>
    <TestList name="Results Not in a List" id="8c84fa94-04c1-424b-9868-57a2d4851a1d" />
    <TestList name="All Loaded Results" id="19431567-8539-422a-85d7-44ee4e166bda" />
  </TestLists>
  <TestEntries>
    <TestEntry testId="a05aea42-178d-3620-feba-00780cd4f023" executionId="52408ed6-0752-47fd-a085-8b970ba047cc" testListId="8c84fa94-04c1-424b-9868-57a2d4851a1d" />
  </TestEntries>
  <Results>
    <UnitTestResult executionId="52408ed6-0752-47fd-a085-8b970ba047cc" testId="a05aea42-178d-3620-feba-00780cd4f023" testName="GetAllProductTest" computerName="GIANGHHTSE60894" duration="00:00:00.1185516" startTime="2013-06-17T21:52:21.6199163+07:00" endTime="2013-06-17T21:52:22.2723510+07:00" testType="13cdc9d9-ddb5-4fa4-a97d-d965ccfc6d4b" outcome="Failed" testListId="8c84fa94-04c1-424b-9868-57a2d4851a1d" relativeResultsDirectory="52408ed6-0752-47fd-a085-8b970ba047cc">
      <Output>
        <ErrorInfo>
          <Message>Test method TestProject1.PublisherDALTest.GetAllProductTest threw exception: 
System.IndexOutOfRangeException: PublisherName</Message>
          <StackTrace>    at System.Data.ProviderBase.FieldNameLookup.GetOrdinal(String fieldName)
   at System.Data.SqlClient.SqlDataReader.GetOrdinal(String name)
   at System.Data.SqlClient.SqlDataReader.get_Item(String name)
   at DataAccessLayer.cs.DAL.PublisherDAL.GetAllProduct() in F:\FPT\Semester 4\C# &amp; Dot Net\project-kho-sach\CocBook\DataAccessLayer.cs\DAL\PublisherDAL.cs:line 117
   at TestProject1.PublisherDALTest.GetAllProductTest() in F:\FPT\Semester 4\C# &amp; Dot Net\project-kho-sach\CocBook\TestProject1\PublisherDALTest.cs:line 124
</StackTrace>
        </ErrorInfo>
      </Output>
    </UnitTestResult>
  </Results>
</TestRun>